kali\web_crawler\college_dunia\App.class
kali\web_crawlers\www_reuters_com_complete_industry_group_details\BlueOptima.class
kali\web_crawlers\extension_info_fetching\App.class
kali\web_crawlers\extension_info_fetching\FetchingDataFromSecondUrl.class
kali\web_crawlers\www_reuters_com_complete_industry_group_details\EmployeeDetail.class
kali\web_crawlers\www_reuters_com_complete_industry_group_details\UrlFetch.class
kali\web_crawler\college_dunia\ParticularColleges.class
kali\web_crawlers\topuniversities_com\Scrapper.class
kali\web_crawler\college_dunia\PerticularExam.class
kali\web_crawlers\extension_info_fetching\SavingExtensionInfo.class
kali\web_crawler\college_dunia\Comb.class
kali\web_crawler\college_dunia\Colleges.class
kali\web_crawlers\App.class
kali\web_crawlers\topuniversities_com\App.class
kali\web_crawlers\extension_info_fetching\FetchingDataFromThirdUrl.class
kali\web_crawlers\extension_info_fetching\AboutExtension.class
kali\web_crawlers\extension_info_fetching\FetchingDataFromFirstUrl.class
kali\web_crawlers\topuniversities_com\University.class
kali\web_crawlers\extension_info_fetching\ExtensionInformation.class
kali\web_crawlers\topuniversities_com\UniversitySubjects.class
