E:\shani rajkali\CODE\web_crawlers\src\main\java\kali\web_crawlers\www_reuters_com_complete_industry_group_details\EmployeeDetail.java
E:\shani rajkali\CODE\web_crawlers\src\main\java\kali\web_crawlers\extension_info_fetching\ExtensionInformation.java
E:\shani rajkali\CODE\web_crawlers\src\main\java\kali\web_crawlers\App.java
E:\shani rajkali\CODE\web_crawlers\src\main\java\kali\web_crawlers\topuniversities_com\App.java
E:\shani rajkali\CODE\web_crawlers\src\main\java\kali\web_crawlers\topuniversities_com\University.java
E:\shani rajkali\CODE\web_crawlers\src\main\java\kali\web_crawlers\extension_info_fetching\FetchingDataFromSecondUrl.java
E:\shani rajkali\CODE\web_crawlers\src\main\java\kali\web_crawler\college_dunia\Comb.java
E:\shani rajkali\CODE\web_crawlers\src\main\java\kali\web_crawler\college_dunia\PerticularExam.java
E:\shani rajkali\CODE\web_crawlers\src\main\java\kali\web_crawler\college_dunia\package-info.java
E:\shani rajkali\CODE\web_crawlers\src\main\java\kali\web_crawlers\extension_info_fetching\FetchingDataFromFirstUrl.java
E:\shani rajkali\CODE\web_crawlers\src\main\java\kali\web_crawlers\topuniversities_com\UniversitySubjects.java
E:\shani rajkali\CODE\web_crawlers\src\main\java\kali\web_crawlers\topuniversities_com\Scrapper.java
E:\shani rajkali\CODE\web_crawlers\src\main\java\kali\web_crawler\college_dunia\Colleges.java
E:\shani rajkali\CODE\web_crawlers\src\main\java\kali\web_crawler\college_dunia\ParticularColleges.java
E:\shani rajkali\CODE\web_crawlers\src\main\java\kali\web_crawlers\extension_info_fetching\FetchingDataFromThirdUrl.java
E:\shani rajkali\CODE\web_crawlers\src\main\java\kali\web_crawler\college_dunia\App.java
E:\shani rajkali\CODE\web_crawlers\src\main\java\kali\web_crawlers\extension_info_fetching\App.java
E:\shani rajkali\CODE\web_crawlers\src\main\java\kali\web_crawlers\extension_info_fetching\SavingExtensionInfo.java
E:\shani rajkali\CODE\web_crawlers\src\main\java\kali\web_crawlers\extension_info_fetching\AboutExtension.java
E:\shani rajkali\CODE\web_crawlers\src\main\java\kali\web_crawlers\www_reuters_com_complete_industry_group_details\BlueOptima.java
E:\shani rajkali\CODE\web_crawlers\src\main\java\kali\web_crawlers\www_reuters_com_complete_industry_group_details\UrlFetch.java
